[33m-------------[39m
[33mVersion mismatch:[39m
[33m- On version: 4.0.409[39m
[33m  - @remotion/bundler [90mnode_modules\@remotion\bundler\package.json[39m[33m[39m
[33m  - @remotion/cli [90mnode_modules\@remotion\cli\package.json[39m[33m[39m
[33m  - @remotion/compositor-win32-x64-msvc [90mnode_modules\@remotion\compositor-win32-x64-msvc\package.json[39m[33m[39m
[33m  - remotion [90mnode_modules\remotion\package.json[39m[33m[39m
[33m  - @remotion/eslint-config-flat [90mnode_modules\@remotion\eslint-config-flat\package.json[39m[33m[39m
[33m  - @remotion/google-fonts [90mnode_modules\@remotion\google-fonts\package.json[39m[33m[39m
[33m  - @remotion/layout-utils [90mnode_modules\@remotion\layout-utils\package.json[39m[33m[39m
[33m  - @remotion/licensing [90mnode_modules\@remotion\licensing\package.json[39m[33m[39m
[33m  - @remotion/lottie [90mnode_modules\@remotion\lottie\package.json[39m[33m[39m
[33m  - @remotion/media-utils [90mnode_modules\@remotion\media-utils\package.json[39m[33m[39m
[33m  - @remotion/player [90mnode_modules\@remotion\player\package.json[39m[33m[39m
[33m  - @remotion/renderer [90mnode_modules\@remotion\renderer\package.json[39m[33m[39m
[33m  - @remotion/streaming [90mnode_modules\@remotion\streaming\package.json[39m[33m[39m
[33m  - @remotion/studio-server [90mnode_modules\@remotion\studio-server\package.json[39m[33m[39m
[33m  - @remotion/studio-shared [90mnode_modules\@remotion\studio-shared\package.json[39m[33m[39m
[33m  - @remotion/studio [90mnode_modules\@remotion\studio\package.json[39m[33m[39m
[33m  - @remotion/tailwind-v4 [90mnode_modules\@remotion\tailwind-v4\package.json[39m[33m[39m
[33m  - @remotion/media-parser [90mnode_modules\@remotion\media-parser\package.json[39m[33m[39m
[33m  - @remotion/zod-types [90mnode_modules\@remotion\zod-types\package.json[39m[33m[39m
[33m  - @remotion/webcodecs [90mnode_modules\@remotion\webcodecs\package.json[39m[33m[39m
[33m  - @remotion/web-renderer [90mnode_modules\@remotion\web-renderer\package.json[39m[33m[39m

[33m- On version: 4.0.410[39m
[33m  - @remotion/paths [90mnode_modules\@remotion\paths\package.json[39m[33m[39m
[33m  - @remotion/shapes [90mnode_modules\@remotion\shapes\package.json[39m[33m[39m
[33m  - @remotion/transitions [90mnode_modules\@remotion\transitions\package.json[39m[33m[39m

[33mYou may experience breakages such as:[39m
[33m- React context and hooks not working[39m
[33m- Type errors and feature incompatibilities[39m
[33m- Failed renders and unclear errors[39m

[33mTo resolve:[39m
[33m- Make sure your package.json has all Remotion packages pointing to the same version.[39m
[33m- Remove the `^` character in front of a version to pin a package.[39m
[33m- Run `npx remotion versions --log=verbose` to see the path of the modules resolved.[39m
[33m-------------[39m

Server ready - Local: [4mhttp://localhost:3000[24m, Network: [4mhttp://192.168.31.32:3000[24m
Built in 2781ms
Building...
Built in 1424ms
Building...
Built in 868ms
Building...
Built in 860ms
Building...
Built in 864ms
Building...
Built in 856ms
Building...
Built in 876ms
Building...
Built in 1310ms
Building...
Built in 1984ms
Building...
Built in 1921ms
Building...
Built in 2059ms
Building...
Built in 2046ms
Building...
Built in 2367ms
Building...
Built in 2011ms
Building...
Built in 1982ms
Building...
Built in 1922ms
Building...
Built in 2089ms
Building...
Built in 2086ms
Building...
Built in 2189ms
Building...
Built in 2270ms
Building...
Built in 1381ms
Building...
Built in 928ms
Building...
Built in 1695ms
Building...
Built in 861ms
Building...
Built in 860ms
Building...
Built in 864ms
Building...
Built in 919ms
Building...
Built in 858ms
Building...
Built in 863ms
Building...
Built in 1947ms
Building...
Built in 1953ms
Building...
Built in 861ms
Building...
Built in 975ms
Building...
Built in 879ms
Building...
Built in 862ms
Building...
Built in 1368ms
Building...
Built in 1793ms
Building...
Built in 2181ms
Building...
Built in 1982ms
Building...
Built in 872ms
Building...
Built in 857ms
Building...
Built in 879ms
Building...
Built in 875ms
Building...
Built in 860ms
Building...
Built in 866ms
Building...
Built in 857ms
Building...
Built in 855ms
Building...
Built in 866ms
Building...
Built in 900ms
Building...
Built in 870ms
Building...
Built in 879ms
Building...
Built in 870ms
Building...
Built in 869ms
Building...
Built in 860ms
Building...
Built in 869ms
Building...
Built in 923ms
Building...
Built in 849ms
Building...
Built in 856ms
Building...
Built in 847ms
Building...
Built in 848ms
Building...
Built in 850ms
Building...
Built in 847ms
Building...
Built in 857ms
Building...
Built in 848ms
Building...
Built in 853ms
Building...
Built in 855ms
Building...
Built in 843ms
Building...
Built in 849ms
Building...
Built in 886ms
Building...
Built in 1254ms
Building...
Built in 882ms
Building...
Built in 876ms
Building...
Built in 866ms
Building...
Built in 898ms
Building...
Built in 878ms
Building...
Built in 867ms
Building...
Built in 865ms
Building...
Built in 876ms
Building...
Built in 860ms
Building...
Built in 899ms
Building...
Built in 878ms
Building...
Built in 921ms
Building...
Built in 880ms
Building...
Built in 881ms
Building...
Built in 878ms
Building...
Built in 884ms
Building...
Built in 892ms
Building...
Built in 877ms
Building...
Built in 897ms
Building...
Built in 880ms
Building...
Built in 881ms
Building...
Built in 882ms
Building...
Built in 875ms
Building...
Built in 913ms
Building...
Built in 863ms
Building...
Built in 874ms
Building...
Built in 861ms
Building...
Built in 876ms
Building...
Built in 862ms
Building...
Built in 869ms
Building...
Built in 861ms
Building...
Built in 873ms
Building...
Built in 938ms
Building...
Built in 865ms
Building...
Built in 871ms
Building...
Built in 877ms
Building...
Built in 876ms
Building...
Built in 876ms
Building...
Built in 876ms
Building...
Built in 865ms
Building...
Built in 863ms
Building...
Built in 854ms
Building...
Built in 858ms
Building...
Built in 861ms
Building...
Built in 858ms
Building...
Built in 941ms
Building...
Built in 877ms
Building...
Built in 879ms
Building...
Built in 866ms
Building...
Built in 869ms
Building...
Built in 893ms
Building...
Built in 861ms
Building...
Built in 861ms
Building...
Built in 895ms
Building...
Built in 877ms
Building...
Built in 935ms
Building...
Built in 885ms
Building...
Built in 891ms
Building...
Built in 942ms
Building...
Built in 911ms
Building...
Built in 860ms
Building...
Built in 857ms
Building...
Built in 859ms
Building...
Built in 927ms
Building...
Built in 872ms
Building...
Built in 865ms
Building...
Built in 887ms
Building...
Built in 902ms
Building...
Built in 857ms
Building...
Built in 879ms
Building...
Built in 859ms
Building...
Built in 866ms
Building...
Built in 862ms
Building...
Built in 881ms
Building...
Built in 866ms
Building...
Built in 898ms
Building...
Built in 875ms
Building...
Built in 864ms
Building...
Built in 860ms
Building...
Built in 865ms
Building...
Built in 845ms
Building...
Built in 862ms
Building...
Built in 854ms
Building...
Built in 912ms
Building...
Built in 855ms
Building...
Built in 857ms
Building...
Built in 860ms
Building...
Built in 850ms
Building...
Built in 861ms
Building...
Built in 850ms
Building...
Built in 878ms
Building...
Built in 862ms
Building...
Built in 858ms
Building...
Built in 925ms
Building...
Built in 903ms
Building...
Built in 891ms
Building...
Built in 861ms
Building...
Built in 902ms
Building...
Built in 897ms
Building...
Built in 887ms
Building...
Built in 861ms
Building...
Built in 873ms
Building...
Built in 924ms
Building...
Built in 900ms
Building...
Built in 893ms
Building...
Built in 884ms
Building...
Built in 871ms
Building...
Built in 885ms
Building...
Built in 872ms
Building...
Built in 918ms
Building...
Built in 886ms
Building...
Built in 877ms
Building...
Built in 875ms
Building...
Built in 859ms
Building...
Built in 853ms
Building...
Built in 859ms
Building...
Built in 867ms
Building...
Built in 885ms
Building...
Built in 904ms
Building...
Built in 923ms
Building...
Built in 957ms
Building...
Built in 872ms
Building...
Built in 861ms
Building...
Built in 857ms
Building...
Built in 865ms
Building...
Built in 855ms
Building...
Built in 931ms
Building...
Built in 853ms
Building...
Built in 854ms
Building...
Built in 918ms
Building...
Built in 877ms
Building...
Built in 841ms
Building...
Built in 851ms
Building...
Built in 848ms
Building...
Built in 853ms
Building...
Built in 845ms
Building...
Built in 878ms
Building...
Built in 901ms
Building...
Built in 855ms
Building...
Built in 861ms
Building...
Built in 892ms
Building...
Built in 884ms
Building...
Built in 853ms
Building...
Built in 838ms
Building...
Built in 861ms
Building...
Built in 865ms
Building...
Built in 889ms
Building...
Built in 844ms
Building...
Built in 846ms
Building...
Built in 870ms
Building...
Built in 861ms
Building...
Built in 860ms
Building...
Built in 851ms
Building...
Built in 850ms
Building...
Built in 867ms
Building...
Built in 875ms
Building...
Built in 880ms
Building...
ÖÕÖ¹Åú´¦Àí²Ù×÷Âğ(Y/N)? 

[33m-------------[39m
[33mVersion mismatch:[39m
[33m- On version: 4.0.409[39m
[33m  - @remotion/bundler [90mnode_modules\@remotion\bundler\package.json[39m[33m[39m
[33m  - @remotion/cli [90mnode_modules\@remotion\cli\package.json[39m[33m[39m
[33m  - @remotion/compositor-win32-x64-msvc [90mnode_modules\@remotion\compositor-win32-x64-msvc\package.json[39m[33m[39m
[33m  - remotion [90mnode_modules\remotion\package.json[39m[33m[39m
[33m  - @remotion/eslint-config-flat [90mnode_modules\@remotion\eslint-config-flat\package.json[39m[33m[39m
[33m  - @remotion/google-fonts [90mnode_modules\@remotion\google-fonts\package.json[39m[33m[39m
[33m  - @remotion/layout-utils [90mnode_modules\@remotion\layout-utils\package.json[39m[33m[39m
[33m  - @remotion/licensing [90mnode_modules\@remotion\licensing\package.json[39m[33m[39m
[33m  - @remotion/lottie [90mnode_modules\@remotion\lottie\package.json[39m[33m[39m
[33m  - @remotion/media-utils [90mnode_modules\@remotion\media-utils\package.json[39m[33m[39m
[33m  - @remotion/player [90mnode_modules\@remotion\player\package.json[39m[33m[39m
[33m  - @remotion/renderer [90mnode_modules\@remotion\renderer\package.json[39m[33m[39m
[33m  - @remotion/streaming [90mnode_modules\@remotion\streaming\package.json[39m[33m[39m
[33m  - @remotion/studio-server [90mnode_modules\@remotion\studio-server\package.json[39m[33m[39m
[33m  - @remotion/studio-shared [90mnode_modules\@remotion\studio-shared\package.json[39m[33m[39m
[33m  - @remotion/studio [90mnode_modules\@remotion\studio\package.json[39m[33m[39m
[33m  - @remotion/tailwind-v4 [90mnode_modules\@remotion\tailwind-v4\package.json[39m[33m[39m
[33m  - @remotion/media-parser [90mnode_modules\@remotion\media-parser\package.json[39m[33m[39m
[33m  - @remotion/zod-types [90mnode_modules\@remotion\zod-types\package.json[39m[33m[39m
[33m  - @remotion/webcodecs [90mnode_modules\@remotion\webcodecs\package.json[39m[33m[39m
[33m  - @remotion/web-renderer [90mnode_modules\@remotion\web-renderer\package.json[39m[33m[39m

[33m- On version: 4.0.410[39m
[33m  - @remotion/paths [90mnode_modules\@remotion\paths\package.json[39m[33m[39m
[33m  - @remotion/shapes [90mnode_modules\@remotion\shapes\package.json[39m[33m[39m
[33m  - @remotion/transitions [90mnode_modules\@remotion\transitions\package.json[39m[33m[39m

[33mYou may experience breakages such as:[39m
[33m- React context and hooks not working[39m
[33m- Type errors and feature incompatibilities[39m
[33m- Failed renders and unclear errors[39m

[33mTo resolve:[39m
[33m- Make sure your package.json has all Remotion packages pointing to the same version.[39m
[33m- Remove the `^` character in front of a version to pin a package.[39m
[33m- Run `npx remotion versions --log=verbose` to see the path of the modules resolved.[39m
[33m-------------[39m

Server ready - Local: [4mhttp://localhost:3000[24m, Network: [4mhttp://192.168.31.32:3000[24m
Built in 2284ms
Building...
Built in 1982ms
Building...
Built in 2042ms
Building...
Built in 1899ms
Building...
Built in 903ms
Building...
Built in 870ms
Building...
Built in 890ms
Building...
Built in 1112ms
Building...
Built in 2039ms
Building...
Built in 1948ms
Building...
Built in 2293ms
Building...
Built in 1978ms
Building...
Built in 875ms
Building...
Built in 874ms
Building...
Built in 872ms
Building...
Built in 1331ms
Building...
Built in 2205ms
Building...
Built in 2148ms
Building...
Built in 1852ms
Building...
Built in 2078ms
Building...
Built in 1980ms
Building...
Built in 1436ms
Building...
Built in 862ms
Building...
Built in 852ms
Building...
Built in 854ms
Building...
Built in 850ms
Building...
Built in 847ms
Building...
Built in 857ms
Building...
Built in 843ms
Building...
Built in 837ms
Building...
Built in 842ms
Building...
Built in 861ms
Building...
Built in 843ms
Building...
Built in 842ms
Building...
Built in 843ms
Building...
Built in 1822ms
Building...
Built in 840ms
Building...
Built in 832ms
Building...
Built in 831ms
Building...
Built in 839ms
Building...
Built in 834ms
Building...
Built in 843ms
Building...
Built in 835ms
Building...
Built in 862ms
Building...
Built in 840ms
Building...
Built in 839ms
Building...
Built in 849ms
Building...
Built in 840ms
Building...
Built in 831ms
Building...
Built in 834ms
Building...
Built in 836ms
Building...
Built in 867ms
Building...
Built in 835ms
Building...
Built in 832ms
Building...
Built in 829ms
Building...
Built in 828ms
Building...
Built in 855ms
Building...
Built in 836ms
Building...
Built in 833ms
Building...
Built in 862ms
Building...
Built in 1361ms
Building...
Built in 885ms
Building...
Built in 878ms
Building...
Built in 859ms
Building...
Built in 855ms
Building...
Built in 854ms
Building...
Built in 845ms
Building...
Built in 856ms
Building...
Built in 904ms
Building...
Built in 865ms
Building...
Built in 880ms
Building...
Built in 870ms
Building...
Built in 878ms
Building...
Built in 861ms
Building...
Built in 859ms
Building...
Built in 861ms
Building...
Built in 856ms
Building...
Built in 866ms
Building...
Built in 860ms
Building...
Built in 862ms
Building...
Built in 857ms
Building...
Built in 860ms
Building...
Built in 868ms
Building...
Built in 849ms
Building...
Built in 854ms
Building...
Built in 856ms
Building...
Built in 855ms
Building...
Built in 837ms
Building...
Built in 867ms
Building...
Built in 847ms
Building...
Built in 868ms
Building...
Built in 850ms
Building...
Built in 847ms
Building...
Built in 841ms
Building...
Built in 841ms
Building...
Built in 860ms
Building...
Built in 862ms
Building...
Built in 884ms
Building...
Built in 854ms
Building...
Built in 853ms
Building...
Built in 862ms
Building...
Built in 918ms
Building...
Built in 883ms
Building...
Built in 857ms
Building...
Built in 878ms
Building...
Built in 868ms
Building...
Built in 890ms
Building...
Built in 883ms
Building...
Built in 873ms
Building...
Built in 897ms
Building...
Built in 899ms
Building...
Built in 882ms
Building...
Built in 840ms
Building...
Built in 844ms
Building...
Built in 899ms
Building...
Built in 839ms
Building...
Built in 836ms
Building...
Built in 845ms
Building...
Built in 849ms
Building...
Built in 852ms
Building...
Built in 856ms
Building...
Built in 851ms
Building...
Built in 861ms
Building...
Built in 847ms
Building...
Built in 904ms
Building...
Built in 860ms
Building...
Built in 856ms
Building...
Built in 852ms
Building...
Built in 850ms
Building...
Built in 847ms
Building...
Built in 848ms
Building...
Built in 845ms
Building...
Built in 855ms
Building...
Built in 871ms
Building...
Built in 911ms
Building...
Built in 851ms
Building...
Built in 851ms
Building...
Built in 843ms
Building...
Built in 848ms
Building...
Built in 844ms
Building...
Built in 847ms
Building...
Built in 856ms
Building...
Built in 866ms
Building...
Built in 894ms
Building...
Built in 897ms
Building...
Built in 879ms
Building...
Built in 956ms
Building...
Built in 888ms
Building...
Built in 884ms
Building...
Built in 924ms
Building...
Built in 894ms
Building...
Built in 869ms
Building...
Built in 859ms
Building...
Built in 860ms
Building...
Built in 868ms
Building...
Built in 871ms
Building...
Built in 906ms
Building...
Built in 886ms
Building...
Built in 886ms
Building...
Built in 891ms
Building...
Built in 909ms
Building...
Built in 915ms
Building...
Built in 916ms
Building...
Built in 903ms
Building...
Built in 879ms
Building...
Built in 877ms
Building...
Built in 897ms
Building...
Built in 913ms
Building...
Built in 869ms
Building...
Built in 871ms
Building...
Built in 900ms
Building...
Built in 883ms
Building...
Built in 942ms
Building...
Built in 894ms
Building...
Built in 878ms
Building...
Built in 871ms
Building...
Built in 873ms
Building...
Built in 868ms
Building...
Built in 868ms
Building...
Built in 869ms
Building...
Built in 867ms
Building...
Built in 892ms
Building...
Built in 896ms
Building...
Built in 858ms
Building...
Built in 860ms
Building...
Built in 856ms
Building...
Built in 860ms
Building...
Built in 850ms
Building...
Built in 853ms
Building...
Built in 874ms
Building...
Built in 868ms
Building...
Built in 874ms
Building...
Built in 868ms
Building...
Built in 862ms
Building...
Built in 876ms
Building...
Built in 873ms
Building...
Built in 865ms
Building...
Built in 872ms
Building...
Built in 872ms
Building...
Built in 877ms
Building...
Built in 873ms
Building...
Built in 871ms
Building...
Built in 868ms
Building...
Built in 861ms
Building...
Built in 874ms
Building...
Built in 905ms
Building...
Built in 871ms
Building...
Built in 870ms
Building...
Built in 879ms
Building...
Built in 870ms
Building...
Built in 867ms
Building...
Built in 864ms
Building...
Built in 879ms
Building...
Built in 881ms
Building...
Built in 876ms
Building...
Built in 878ms
Building...
Built in 883ms
Building...
Built in 869ms
Building...
Built in 874ms
Building...
Built in 891ms
Building...
Built in 880ms
Building...
Built in 872ms
Building...
Built in 892ms
Building...
Built in 878ms
Building...
Built in 878ms
Building...
Built in 878ms
Building...
Built in 873ms
Building...
Built in 891ms
Building...
Built in 876ms
Building...
Built in 875ms
Building...
Built in 869ms
Building...
Built in 889ms
Building...
Built in 889ms
Building...
Built in 890ms
Building...
Built in 899ms
Building...
Built in 934ms
Building...
Built in 895ms
Building...
Built in 879ms
Building...
Built in 905ms
Building...
Built in 905ms
Building...
Built in 882ms
Building...
Built in 882ms
Building...
Built in 886ms
Building...
Built in 882ms
Building...
Built in 892ms
Building...
Built in 876ms
Building...
Built in 865ms
Building...
Built in 873ms
Building...
Built in 896ms
Building...
Built in 863ms
Building...
Built in 892ms
Building...
Built in 865ms
Building...
Built in 856ms
Building...
Built in 884ms
Building...
Built in 891ms
Building...
Built in 868ms
Building...
Built in 878ms
Building...
Built in 861ms
Building...
Built in 886ms
Building...
Built in 868ms
Building...
Built in 856ms
Building...
Built in 858ms
Building...
Built in 869ms
Building...
Built in 865ms
Building...
Built in 874ms
Building...
Built in 880ms
Building...
Built in 861ms
Building...
Built in 887ms
Building...
Built in 877ms
Building...
Built in 865ms
Building...
Built in 859ms
Building...
Built in 890ms
Building...
Built in 888ms
Building...
Built in 887ms
Building...
Built in 885ms
Building...
Built in 872ms
Building...
Built in 877ms
Building...
Built in 895ms
Building...
Built in 889ms
Building...
Built in 875ms
Building...
Built in 884ms
Building...
Built in 883ms
Building...
Built in 894ms
Building...
Built in 888ms
Building...
Built in 877ms
Building...
Built in 866ms
Building...
Built in 872ms
Building...
Built in 907ms
Building...
Built in 884ms
Building...
Built in 873ms
Building...
Built in 883ms
Building...
Built in 866ms
Building...
Built in 882ms
Building...
Built in 874ms
Building...
Built in 879ms
Building...
Built in 910ms
Building...
Built in 873ms
Building...
Built in 901ms
Building...
Built in 878ms
Building...
Built in 877ms
Building...
Built in 870ms
Building...
Built in 859ms
Building...
Built in 896ms
Building...
Built in 884ms
Building...
Built in 882ms
Building...
Built in 868ms
Building...
Built in 868ms
Building...
Built in 893ms
Building...
Built in 875ms
Building...
Built in 877ms
Building...
Built in 878ms
Building...
Built in 879ms
Building...
Built in 890ms
Building...
Built in 873ms
Building...
Built in 874ms
Building...
Built in 871ms
Building...
Built in 872ms
Building...
Built in 885ms
Building...
Built in 874ms
Building...
Built in 902ms
Building...
Built in 887ms
Building...
Built in 882ms
Building...
Built in 867ms
Building...
Built in 877ms
Building...
Built in 863ms
Building...
Built in 885ms
Building...
Built in 883ms
Building...
Built in 871ms
Building...
Built in 935ms
Building...
Built in 858ms
Building...
Built in 886ms
Building...
Built in 878ms
Building...
Built in 871ms
Building...
Built in 869ms
Building...
Built in 871ms
Building...
Built in 890ms
Building...
Built in 875ms
Building...
Built in 879ms
Building...
Built in 888ms
Building...
Built in 869ms
Building...
Built in 898ms
Building...
Built in 870ms
Building...
Built in 880ms
Building...
Built in 882ms
Building...
Built in 886ms
Building...
Built in 881ms
Building...
Built in 868ms
Building...
Built in 869ms
Building...
Built in 913ms
Building...
Built in 901ms
Building...
Built in 902ms
Building...
Built in 872ms
Building...
Built in 883ms
Building...
Built in 1403ms
Building...
Built in 2205ms
Building...
Built in 2091ms
Building...
Built in 1986ms
Building...
Built in 1406ms
Building...
Built in 881ms
Building...
Built in 874ms
Building...
Built in 869ms
Building...
Built in 874ms
Building...
Built in 888ms
Building...
Built in 891ms
Building...
Built in 881ms
Building...
Built in 1568ms
Building...
Built in 2101ms
Building...
Built in 2029ms
Building...
Built in 2013ms
Building...
Built in 921ms
Building...
Built in 890ms
Building...
Built in 874ms
Building...
Built in 893ms
Building...
Built in 1082ms
Building...
Built in 1926ms
Building...
Built in 1964ms
Building...
Built in 2481ms
Building...
Built in 2201ms
Building...
Built in 1279ms
Building...
Built in 890ms
Building...
Built in 884ms
Building...
Built in 900ms
Building...
Built in 880ms
Building...
Built in 900ms
Building...
Built in 865ms
Building...
Built in 880ms
Building...
Built in 900ms
Building...
Built in 889ms
Building...
Built in 885ms
Building...
Built in 862ms
Building...
Built in 871ms
Building...
Built in 890ms
Building...
Built in 882ms
Building...
Built in 879ms
Building...
Built in 894ms
Building...
Built in 871ms
Building...
Built in 892ms
Building...
Built in 872ms
Building...
Built in 873ms
Building...
Built in 1286ms
Building...
Built in 917ms
Building...
Built in 910ms
Building...
Built in 893ms
Building...
Built in 891ms
Building...
Built in 880ms
Building...
Built in 862ms
Building...
Built in 886ms
Building...
Built in 898ms
Building...
Built in 893ms
Building...
Built in 870ms
Building...
Built in 868ms
Building...
Built in 888ms
Building...
Built in 877ms
Building...
Built in 875ms
Building...
Built in 881ms
Building...
Built in 890ms
Building...
Built in 915ms
Building...
Built in 891ms
Building...
Built in 894ms
Building...
Built in 879ms
Building...
Built in 886ms
Building...
Built in 904ms
Building...
Built in 892ms
Building...
Built in 913ms
Building...
Built in 890ms
Building...
Built in 881ms
Building...
Built in 911ms
Building...
Built in 896ms
Building...
Built in 901ms
Building...
Built in 889ms
Building...
Built in 891ms
Building...
Built in 914ms
Building...
Built in 896ms
Building...
Built in 895ms
Building...
Built in 889ms
Building...
Built in 875ms
Building...
Built in 902ms
Building...
Built in 900ms
Building...
Built in 904ms
Building...
Built in 888ms
Building...
Built in 931ms
Building...
Built in 882ms
Building...
Built in 934ms
Building...
Built in 930ms
Building...
Built in 911ms
Building...
Built in 890ms
Building...
Built in 892ms
Building...
Built in 923ms
Building...
Built in 878ms
Building...
Built in 901ms
Building...
Built in 904ms
Building...
Built in 890ms
Building...
Built in 883ms
Building...
Built in 880ms
Building...
Built in 899ms
Building...
Built in 889ms
Building...
Built in 916ms
Building...
Built in 884ms
Building...
Built in 897ms
Building...
Built in 921ms
Building...
Built in 945ms
Building...
Built in 914ms
Building...
Built in 897ms
Building...
Built in 903ms
Building...
Built in 892ms
Building...
Built in 881ms
Building...
Built in 886ms
Building...
Built in 877ms
Building...
Built in 903ms
Building...
Built in 921ms
Building...
Built in 914ms
Building...
Built in 893ms
Building...
Built in 897ms
Building...
Built in 914ms
Building...
Built in 892ms
Building...
Built in 886ms
Building...
Built in 882ms
Building...
Built in 881ms
Building...
Built in 902ms
Building...
Built in 891ms
Building...
Built in 896ms
Building...
Built in 890ms
Building...
Built in 885ms
Building...
Built in 908ms
Building...
Built in 895ms
Building...
Built in 890ms
Building...
Built in 881ms
Building...
Built in 885ms
Building...
Built in 905ms
Building...
Built in 892ms
Building...
Built in 925ms
Building...
Built in 880ms
Building...
Built in 873ms
Building...
Built in 891ms
Building...
Built in 908ms
Building...
Built in 890ms
Building...
Built in 883ms
Building...
Built in 871ms
Building...
Built in 907ms
Building...
Built in 924ms
Building...
Built in 913ms
Building...
Built in 907ms
Building...
Built in 897ms
Building...
Built in 915ms
Building...
Built in 913ms
Building...
Built in 916ms
Building...
Built in 933ms
Building...
Built in 911ms
Building...
Built in 916ms
Building...
Built in 935ms
Building...
Built in 905ms
Building...
Built in 892ms
Building...
Built in 898ms
Building...
Built in 891ms
Building...
Built in 953ms
Building...
Built in 913ms
Building...
Built in 914ms
Building...
Built in 925ms
Building...
Built in 908ms
Building...
Built in 900ms
Building...
Built in 943ms
Building...
Built in 916ms
Building...
Built in 920ms
Building...
Built in 910ms
Building...
Built in 924ms
Building...
Built in 912ms
Building...
Built in 943ms
Building...
Built in 920ms
Building...
Built in 909ms
Building...
Built in 893ms
Building...
Built in 889ms
Building...
Built in 883ms
Building...
Built in 903ms
Building...
Built in 898ms
Building...
Built in 895ms
Building...
Built in 891ms
Building...
Built in 889ms
Building...
Built in 945ms
Building...
Built in 890ms
Building...
Built in 903ms
Building...
Built in 887ms
Building...
Built in 884ms
Building...
Built in 913ms
Building...
Built in 912ms
Building...
Built in 923ms
Building...
Built in 906ms
Building...
Built in 891ms
Building...
Built in 904ms
Building...
Built in 883ms
Building...
Built in 886ms
Building...
Built in 875ms
Building...
Built in 877ms
Building...
Built in 903ms
Building...
Built in 934ms
Building...
Built in 897ms
Building...
Built in 894ms
Building...
Built in 878ms
Building...
Built in 972ms
Building...
Built in 881ms
Building...
Built in 879ms
Building...
Built in 1014ms
Building...
Built in 891ms
Building...
Built in 901ms
Building...
Built in 895ms
Building...
Built in 888ms
Building...
Built in 918ms
Building...
Built in 868ms
Building...
Built in 889ms
Building...
Built in 878ms
Building...
Built in 881ms
Building...
Built in 881ms
Building...
Built in 890ms
Building...
Built in 906ms
Building...
Built in 894ms
Building...
Built in 876ms
Building...
Built in 877ms
Building...
Built in 899ms
Building...
Built in 892ms
Building...
Built in 881ms
Building...
Built in 888ms
Building...
Built in 888ms
Building...
Built in 896ms
Building...
Built in 915ms
Building...
Built in 899ms
Building...
Built in 897ms
Building...
Built in 886ms
Building...
Built in 900ms
Building...
Built in 886ms
Building...
Built in 891ms
Building...
Built in 899ms
Building...
Built in 899ms
Building...
Built in 914ms
Building...
Built in 904ms
Building...
Built in 888ms
Building...
Built in 915ms
Building...
Built in 881ms
Building...
Built in 907ms
Building...
Built in 892ms
Building...
Built in 888ms
Building...
Built in 890ms
Building...
Built in 895ms
Building...
Built in 906ms
Building...
Built in 890ms
Building...
Built in 883ms
Building...
Built in 883ms
Building...
Built in 887ms
Building...
Built in 907ms
Building...
Built in 903ms
Building...
Built in 889ms
Building...
Built in 890ms
Building...
Built in 885ms
Building...
Built in 898ms
Building...
Built in 888ms
Building...
Built in 875ms
Building...
Built in 872ms
Building...
Built in 901ms
Building...
Built in 881ms
Building...
Built in 908ms
Building...
Built in 880ms
Building...
Built in 877ms
Building...
Built in 894ms
Building...
Built in 875ms
Building...
Built in 882ms
Building...
Built in 875ms
Building...
Built in 883ms
Building...
Built in 907ms
Building...
Built in 886ms
Building...
Built in 879ms
Building...
Built in 879ms
Building...
Built in 874ms
Building...
Built in 898ms
Building...
Built in 885ms
Building...
Built in 871ms
Building...
Built in 877ms
Building...
Built in 886ms
Building...
Built in 903ms
Building...
Built in 882ms
Building...
Built in 896ms
Building...
Built in 878ms
Building...
Built in 869ms
Building...
Built in 907ms
Building...
Built in 887ms
Building...
Built in 884ms
Building...
Built in 883ms
Building...
Built in 878ms
Building...
Built in 908ms
Building...
Built in 878ms
Building...
Built in 903ms
Building...
Built in 878ms
Building...
Built in 886ms
Building...
Built in 879ms
Building...
Built in 880ms
Building...
Built in 902ms
Building...
Built in 888ms
Building...
Built in 895ms
Building...
Built in 898ms
Building...
Built in 881ms
Building...
Built in 902ms
Building...
Built in 961ms
Building...
Built in 887ms
Building...
Built in 880ms
Building...
Built in 913ms
Building...
Built in 896ms
Building...
Built in 895ms
Building...
Built in 896ms
Building...
Built in 882ms
Building...
Built in 879ms
Building...
Built in 901ms
Building...
Built in 887ms
Building...
Built in 885ms
Building...
Built in 891ms
Building...
Built in 888ms
Building...
Built in 906ms
Building...
Built in 897ms
Building...
Built in 892ms
Building...
Built in 881ms
Building...
Built in 878ms
Building...
Built in 910ms
Building...
Built in 886ms
Building...
Built in 880ms
Building...
Built in 885ms
Building...
Built in 879ms
Building...
Built in 894ms
Building...
Built in 892ms
Building...
Built in 881ms
Building...
Built in 913ms
Building...
Built in 875ms
Building...
Built in 896ms
Building...
Built in 879ms
Building...
Built in 885ms
Building...
Built in 881ms
Building...
Built in 886ms
Building...
Built in 899ms
Building...
Built in 886ms
Building...
Built in 880ms
Building...
Built in 881ms
Building...
Built in 889ms
Building...
Built in 891ms
Building...
Built in 890ms
Building...
Built in 886ms
Building...
Built in 893ms
Building...
Built in 882ms
Building...
Built in 895ms
Building...
Built in 917ms
Building...
Built in 874ms
Building...
Built in 873ms
Building...
Built in 882ms
Building...
Built in 902ms
Building...
Built in 888ms
Building...
Built in 883ms
Building...
Built in 880ms
Building...
Built in 881ms
Building...
Built in 902ms
Building...
Built in 896ms
Building...
Built in 881ms
Building...
Built in 890ms
Building...
Built in 887ms
Building...
Built in 903ms
Building...
Built in 893ms
Building...
Built in 898ms
Building...
Built in 890ms
Building...
Built in 873ms
Building...
Built in 910ms
Building...
Built in 917ms
Building...
Built in 885ms
Building...
Built in 891ms
Building...
Built in 882ms
Building...
Built in 905ms
Building...
Built in 886ms
Building...
Built in 890ms
Building...
Built in 888ms
Building...
Built in 884ms
Building...
Built in 899ms
Building...
Built in 885ms
Building...
Built in 883ms
Building...
Built in 888ms
Building...
Built in 898ms
Building...
Built in 915ms
Building...
Built in 893ms
Building...
Built in 887ms
Building...
Built in 883ms
Building...
Built in 884ms
Building...
Built in 898ms
Building...
Built in 909ms
Building...
Built in 928ms
Building...
Built in 921ms
Building...
Built in 923ms
Building...
Built in 920ms
Building...
Built in 912ms
Building...
Built in 900ms
Building...
Built in 889ms
Building...
Built in 899ms
Building...
Built in 919ms
Building...
Built in 943ms
Building...
Built in 916ms
Building...
Built in 919ms
Building...
Built in 916ms
Building...
Built in 927ms
Building...
Built in 918ms
Building...
Built in 907ms
Building...
Built in 909ms
Building...
Built in 905ms
Building...
Built in 927ms
Building...
Built in 916ms
Building...
Built in 910ms
Building...
Built in 948ms
Building...
Built in 906ms
Building...
Built in 920ms
Building...
Built in 915ms
Building...
Built in 920ms
Building...
Built in 994ms
Building...
Built in 939ms
Building...
Built in 969ms
Building...
Built in 935ms
Building...
Built in 933ms
Building...
Built in 930ms
Building...
Built in 903ms
Building...
Built in 953ms
Building...
Built in 911ms
Building...
Built in 923ms
Building...
Built in 919ms
Building...
Built in 917ms
Building...
Built in 920ms
Building...
Built in 924ms
Building...
Built in 911ms
Building...
Built in 938ms
Building...
Built in 919ms
Building...
Built in 927ms
Building...
Built in 937ms
Building...
Built in 944ms
Building...
Built in 929ms
Building...
Built in 925ms
Building...
Built in 952ms
Building...
Built in 936ms
Building...
Built in 941ms
Building...
Built in 912ms
Building...
Built in 920ms
Building...
Built in 931ms
Building...
Built in 921ms
Building...
Built in 921ms
Building...
Built in 936ms
Building...
Built in 915ms
Building...
Built in 940ms
Building...
Built in 919ms
Building...
Built in 929ms
Building...
Built in 933ms
Building...
Built in 925ms
Building...
Built in 970ms
Building...
Built in 922ms
Building...
Built in 908ms
Building...
Built in 905ms
Building...
Built in 1110ms
Building...
Built in 919ms
Building...
Built in 914ms
Building...
Built in 911ms
Building...
Built in 909ms
Building...
Built in 912ms
Building...
Built in 928ms
Building...
Built in 919ms
Building...
Built in 904ms
Building...
Built in 908ms
Building...
Built in 907ms
Building...
Built in 944ms
Building...
Built in 933ms
Building...
Built in 1108ms
Building...
Built in 913ms
Building...
Built in 915ms
Building...
Built in 933ms
Building...
Built in 910ms
Building...
Built in 902ms
Building...
Built in 906ms
Building...
Built in 931ms
Building...
Built in 940ms
Building...
Built in 931ms
Building...
Built in 911ms
Building...
Built in 907ms
Building...
Built in 935ms
Building...
Built in 942ms
Building...
Built in 921ms
Building...
Built in 907ms
Building...
Built in 925ms
Building...
Built in 945ms
Building...
Built in 934ms
Building...
Built in 912ms
Building...
Built in 918ms
Building...
Built in 916ms
Building...
Built in 968ms
Building...
Built in 918ms
Building...
Built in 928ms
Building...
Built in 1397ms
Building...
Built in 2200ms
Building...
Built in 2177ms
Building...
Built in 2126ms
Building...
Built in 2188ms
Building...
Built in 1956ms
Building...
Built in 931ms
Building...
Built in 904ms
Building...
Built in 952ms
Building...
Built in 915ms
Building...
Built in 921ms
Building...
ÖÕÖ¹Åú´¦Àí²Ù×÷Âğ(Y/N)? 

[33m-------------[39m
[33mVersion mismatch:[39m
[33m- On version: 4.0.409[39m
[33m  - @remotion/bundler [90mnode_modules\@remotion\bundler\package.json[39m[33m[39m
[33m  - @remotion/cli [90mnode_modules\@remotion\cli\package.json[39m[33m[39m
[33m  - @remotion/compositor-win32-x64-msvc [90mnode_modules\@remotion\compositor-win32-x64-msvc\package.json[39m[33m[39m
[33m  - remotion [90mnode_modules\remotion\package.json[39m[33m[39m
[33m  - @remotion/eslint-config-flat [90mnode_modules\@remotion\eslint-config-flat\package.json[39m[33m[39m
[33m  - @remotion/google-fonts [90mnode_modules\@remotion\google-fonts\package.json[39m[33m[39m
[33m  - @remotion/layout-utils [90mnode_modules\@remotion\layout-utils\package.json[39m[33m[39m
[33m  - @remotion/licensing [90mnode_modules\@remotion\licensing\package.json[39m[33m[39m
[33m  - @remotion/lottie [90mnode_modules\@remotion\lottie\package.json[39m[33m[39m
[33m  - @remotion/media-utils [90mnode_modules\@remotion\media-utils\package.json[39m[33m[39m
[33m  - @remotion/player [90mnode_modules\@remotion\player\package.json[39m[33m[39m
[33m  - @remotion/renderer [90mnode_modules\@remotion\renderer\package.json[39m[33m[39m
[33m  - @remotion/streaming [90mnode_modules\@remotion\streaming\package.json[39m[33m[39m
[33m  - @remotion/studio-server [90mnode_modules\@remotion\studio-server\package.json[39m[33m[39m
[33m  - @remotion/studio-shared [90mnode_modules\@remotion\studio-shared\package.json[39m[33m[39m
[33m  - @remotion/studio [90mnode_modules\@remotion\studio\package.json[39m[33m[39m
[33m  - @remotion/tailwind-v4 [90mnode_modules\@remotion\tailwind-v4\package.json[39m[33m[39m
[33m  - @remotion/media-parser [90mnode_modules\@remotion\media-parser\package.json[39m[33m[39m
[33m  - @remotion/zod-types [90mnode_modules\@remotion\zod-types\package.json[39m[33m[39m
[33m  - @remotion/webcodecs [90mnode_modules\@remotion\webcodecs\package.json[39m[33m[39m
[33m  - @remotion/web-renderer [90mnode_modules\@remotion\web-renderer\package.json[39m[33m[39m

[33m- On version: 4.0.410[39m
[33m  - @remotion/paths [90mnode_modules\@remotion\paths\package.json[39m[33m[39m
[33m  - @remotion/shapes [90mnode_modules\@remotion\shapes\package.json[39m[33m[39m
[33m  - @remotion/transitions [90mnode_modules\@remotion\transitions\package.json[39m[33m[39m

[33mYou may experience breakages such as:[39m
[33m- React context and hooks not working[39m
[33m- Type errors and feature incompatibilities[39m
[33m- Failed renders and unclear errors[39m

[33mTo resolve:[39m
[33m- Make sure your package.json has all Remotion packages pointing to the same version.[39m
[33m- Remove the `^` character in front of a version to pin a package.[39m
[33m- Run `npx remotion versions --log=verbose` to see the path of the modules resolved.[39m
[33m-------------[39m

Server ready - Local: [4mhttp://localhost:3000[24m, Network: [4mhttp://192.168.31.32:3000[24m
Built in 2219ms
Building...
Built in 2271ms
Building...
Built in 2083ms
Building...
Built in 2015ms
Building...
Built in 2245ms
Building...
Built in 1731ms
Building...
Built in 903ms
Building...
Built in 855ms
Building...
Built in 849ms
Building...
Built in 856ms
Building...
Built in 866ms
Building...
Built in 866ms
Building...
Built in 867ms
Building...
Built in 868ms
Building...
Built in 871ms
Building...
Built in 871ms
Building...
Built in 864ms
Building...
Built in 865ms
Building...
Built in 1457ms
Building...
Built in 1565ms
Building...
Built in 2692ms
Building...
Built in 2026ms
Building...
Built in 1809ms
Building...
Built in 2124ms
Building...
Built in 2275ms
Building...
Built in 962ms
Building...
Built in 2218ms
Building...
Built in 2199ms
Building...
Built in 2051ms
Building...
Built in 2202ms
Building...
Built in 2198ms
Building...
Built in 2253ms
Building...
Built in 1938ms
Building...
Built in 2152ms
Building...
Built in 2102ms
Building...
Built in 2216ms
Building...
Built in 2099ms
Building...
Built in 2106ms
Building...
Built in 2140ms
Building...
Built in 2057ms
Building...
Built in 2060ms
Building...
Built in 1964ms
Building...
Built in 2204ms
Building...
Built in 2107ms
Building...
Built in 1966ms
Building...
Built in 2013ms
Building...
Built in 2537ms
Building...
Built in 2302ms
Building...
Built in 2731ms
Building...
Built in 1955ms
Building...
Built in 2118ms
Building...
Built in 2265ms
Building...
Built in 2054ms
[33m-------Built in 2228ms
Building...
Built in 2068ms

ÖÕÖ¹Åú´¦Àí²Ù×÷Âğ(Y/N)? 
m
[33m  - @remotion/bundler [90mnode_modules\@remotion\bundler\package.json[39m[33m[39m
[33m  - @remotion/cli [90mnode_modules\@remotion\cli\package.json[39m[33m[39m
[33m  - @remotion/compositor-win32-x64-msvc [90mnode_modules\@remotion\compositor-win32-x64-msvc\package.json[39m[33m[39m
[33m  - remotion [90mnode_modules\remotion\package.json[39m[33m[39m
[33m  - @remotion/eslint-config-flat [90mnode_modules\@remotion\eslint-config-flat\package.json[39m[33m[39m
[33m  - @remotion/google-fonts [90mnode_modules\@remotion\google-fonts\package.json[39m[33m[39m
[33m  - @remotion/layout-utils [90mnode_modules\@remotion\layout-utils\package.json[39m[33m[39m
[33m  - @remotion/licensing [90mnode_modules\@remotion\licensing\package.json[39m[33m[39m
[33m  - @remotion/lottie [90mnode_modules\@remotion\lottie\package.json[39m[33m[39m
[33m  - @remotion/media-utils [90mnode_modules\@remotion\media-utils\package.json[39m[33m[39m
[33m  - @remotion/player [90mnode_modules\@remotion\player\package.json[39m[33m[39m
[33m  - @remotion/renderer [90mnode_modules\@remotion\renderer\package.json[39m[33m[39m
[33m  - @remotion/streaming [90mnode_modules\@remotion\streaming\package.json[39m[33m[39m
[33m  - @remotion/studio-server [90mnode_modules\@remotion\studio-server\package.json[39m[33m[39m
[33m  - @remotion/studio-shared [90mnode_modules\@remotion\studio-shared\package.json[39m[33m[39m
[33m  - @remotion/studio [90mnode_modules\@remotion\studio\package.json[39m[33m[39m
[33m  - @remotion/tailwind-v4 [90mnode_modules\@remotion\tailwind-v4\package.json[39m[33m[39m
[33m  - @remotion/media-parser [90mnode_modules\@remotion\media-parser\package.json[39m[33m[39m
[33m  - @remotion/zod-types [90mnode_modules\@remotion\zod-types\package.json[39m[33m[39m
[33m  - @remotion/webcodecs [90mnode_modules\@remotion\webcodecs\package.json[39m[33m[39m
[33m  - @remotion/web-renderer [90mnode_modules\@remotion\web-renderer\package.json[39m[33m[39m

[33m- On version: 4.0.410[39m
[33m  - @remotion/paths [90mnode_modules\@remotion\paths\package.json[39m[33m[39m
[33m  - @remotion/shapes [90mnode_modules\@remotion\shapes\package.json[39m[33m[39m
[33m  - @remotion/transitions [90mnode_modules\@remotion\transitions\package.json[39m[33m[39m

[33mYou may experience breakages such as:[39m
[33m- React context and hooks not working[39m
[33m- Type errors and feature incompatibilities[39m
[33m- Failed renders and unclear errors[39m

[33mTo resolve:[39m
[33m- Make sure your package.json has all Remotion packages pointing to the same version.[39m
[33m- Remove the `^` character in front of a version to pin a package.[39m
[33m- Run `npx remotion versions --log=verbose` to see the path of the modules resolved.[39m
[33m-------------[39m


[31mError: You specified port 3000 to be used for the HTTP server, but it is not available. Choose a different port or remove the setting to let Remotion automatically select a free port.[39m
[31m    at Object.getDesiredPort (D:\code\study\remotion_test\node_modules\@remotion\renderer\dist\get-port.js:65:15)[39m
[33m-------------[39m
[33mVersion mismatch:[39m
[33m- On version: 4.0.409[39m
[33m  - @remotion/bundler [90mnode_modules\@remotion\bundler\package.json[39m[33m[39m
[33m  - @remotion/cli [90mnode_modules\@remotion\cli\package.json[39m[33m[39m
[33m  - @remotion/compositor-win32-x64-msvc [90mnode_modules\@remotion\compositor-win32-x64-msvc\package.json[39m[33m[39m
[33m  - remotion [90mnode_modules\remotion\package.json[39m[33m[39m
[33m  - @remotion/eslint-config-flat [90mnode_modules\@remotion\eslint-config-flat\package.json[39m[33m[39m
[33m  - @remotion/google-fonts [90mnode_modules\@remotion\google-fonts\package.json[39m[33m[39m
[33m  - @remotion/layout-utils [90mnode_modules\@remotion\layout-utils\package.json[39m[33m[39m
[33m  - @remotion/licensing [90mnode_modules\@remotion\licensing\package.json[39m[33m[39m
[33m  - @remotion/lottie [90mnode_modules\@remotion\lottie\package.json[39m[33m[39m
[33m  - @remotion/media-utils [90mnode_modules\@remotion\media-utils\package.json[39m[33m[39m
[33m  - @remotion/player [90mnode_modules\@remotion\player\package.json[39m[33m[39m
[33m  - @remotion/renderer [90mnode_modules\@remotion\renderer\package.json[39m[33m[39m
[33m  - @remotion/streaming [90mnode_modules\@remotion\streaming\package.json[39m[33m[39m
[33m  - @remotion/studio-server [90mnode_modules\@remotion\studio-server\package.json[39m[33m[39m
[33m  - @remotion/studio-shared [90mnode_modules\@remotion\studio-shared\package.json[39m[33m[39m
[33m  - @remotion/studio [90mnode_modules\@remotion\studio\package.json[39m[33m[39m
[33m  - @remotion/tailwind-v4 [90mnode_modules\@remotion\tailwind-v4\package.json[39m[33m[39m
[33m  - @remotion/media-parser [90mnode_modules\@remotion\media-parser\package.json[39m[33m[39m
[33m  - @remotion/zod-types [90mnode_modules\@remotion\zod-types\package.json[39m[33m[39m
[33m  - @remotion/webcodecs [90mnode_modules\@remotion\webcodecs\package.json[39m[33m[39m
[33m  - @remotion/web-renderer [90mnode_modules\@remotion\web-renderer\package.json[39m[33m[39m

[33m- On version: 4.0.410[39m
[33m  - @remotion/paths [90mnode_modules\@remotion\paths\package.json[39m[33m[39m
[33m  - @remotion/shapes [90mnode_modules\@remotion\shapes\package.json[39m[33m[39m
[33m  - @remotion/transitions [90mnode_modules\@remotion\transitions\package.json[39m[33m[39m

[33mYou may experience breakages such as:[39m
[33m- React context and hooks not working[39m
[33m- Type errors and feature incompatibilities[39m
[33m- Failed renders and unclear errors[39m

[33mTo resolve:[39m
[33m- Make sure your package.json has all Remotion packages pointing to the same version.[39m
[33m- Remove the `^` character in front of a version to pin a package.[39m
[33m- Run `npx remotion versions --log=verbose` to see the path of the modules resolved.[39m
[33m-------------[39m

Server ready - Local: [4mhttp://localhost:3000[24m, Network: [4mhttp://192.168.31.32:3000[24m
Built in 1829ms
Building...
Built in 1691ms
Building...
Built in 2080ms
Building...
Built in 2015ms
Building...
Built in 2020ms
Building...
Built in 1974ms
Building...
Built in 2368ms
Building...
Built in 2142ms
Building...
Built in 2130ms
Building...
Built in 2080ms
Building...
Built in 1996ms
Building...
Built in 2188ms
Building...
Built in 2067ms
Building...
Built in 2162ms
Building...
Built in 2139ms
Building...
Built in 2057ms
Building...
Built in 2175ms
Building...
Built in 2480ms
Building...
Built in 2721ms
Building...
Built in 2331ms
Building...
Built in 2458ms
Building...
Built in 2041ms
Building...
Built in 2031ms
Building...
Built in 2037ms
Building...
Built in 2349ms
Building...
Built in 2148ms
Building...
Built in 1592ms
Building...
Built in 884ms
Building...
Built in 873ms
Building...
Built in 885ms
Building...
Built in 937ms
Building...
Built in 883ms
Building...
Built in 905ms
Building...
Built in 1497ms
Building...
Built in 887ms
Building...
Built in 876ms
Building...
Built in 884ms
Building...
Built in 994ms
Building...
Built in 878ms
Building...
Built in 881ms
Building...
Built in 867ms
Building...
Built in 986ms
Building...
Built in 869ms
Building...
Built in 859ms
Building...
Built in 867ms
Building...
Built in 891ms
Building...
Built in 863ms
Building...
Built in 898ms
Building...
Built in 865ms
Building...
Built in 850ms
Building...
Built in 929ms
Building...
Built in 869ms
Building...
Built in 866ms
Building...
Built in 871ms
Building...
Built in 916ms
Building...
Built in 855ms
Building...
Built in 860ms
Building...
Built in 988ms
Building...
Built in 884ms
Building...
Built in 880ms
Building...
Built in 880ms
Building...
Built in 885ms
Building...
Built in 877ms
Building...
Built in 882ms
Building...
Built in 881ms
Building...
Built in 871ms
Building...
Built in 949ms
Building...
Built in 873ms
Building...
Built in 883ms
Building...
Built in 885ms
Building...
Built in 869ms
Building...
Built in 878ms
Building...
Built in 881ms
Building...
Built in 885ms
Building...
Built in 891ms
Building...
Built in 891ms
Building...
Built in 907ms
Building...
Built in 879ms
Building...
Built in 940ms
Building...
Built in 890ms
Building...
Built in 882ms
Building...
Built in 892ms
Building...
Built in 992ms
Building...
Built in 910ms
Building...
Built in 870ms
Building...
Built in 871ms
Building...
Built in 868ms
Building...
Built in 962ms
Building...
Built in 864ms
Building...
Built in 871ms
Building...
Built in 882ms
Building...
Built in 872ms
Building...
Built in 866ms
Building...
Built in 894ms
Building...
Built in 924ms
Building...
Built in 880ms
Building...
Built in 894ms
Building...
Built in 884ms
Building...
Built in 917ms
Building...
Built in 892ms
Building...
Built in 876ms
Building...
Built in 871ms
Building...
Built in 883ms
Building...
Built in 920ms
Building...
Built in 888ms
Building...
Built in 903ms
Building...
Built in 883ms
Building...
Built in 880ms
Building...
Built in 886ms
Building...
Built in 888ms
Building...
Built in 873ms
Building...
Built in 890ms
Building...
Built in 875ms
Building...
Built in 874ms
Building...
Built in 884ms
Building...
Built in 882ms
Building...
Built in 876ms
Building...
Built in 884ms
Building...
Built in 894ms
Building...
Built in 882ms
Building...
Built in 926ms
Building...
Built in 902ms
Building...
Built in 889ms
Building...
Built in 928ms
Building...
Built in 925ms
Building...
Built in 909ms
Building...
Built in 900ms
Building...
Built in 901ms
Building...
Built in 892ms
Building...
Built in 893ms
Building...
Built in 891ms
Building...
Built in 879ms
Building...
Built in 958ms
Building...
Built in 880ms
Building...
Built in 877ms
Building...
Built in 903ms
Building...
Built in 880ms
Building...
Built in 887ms
Building...
Built in 908ms
Building...
Built in 888ms
Building...
Built in 894ms
Building...
Built in 994ms
Building...
Built in 903ms
Building...
Built in 902ms
Building...
Built in 898ms
Building...
Built in 949ms
Building...
Built in 898ms
Building...
Built in 904ms
Building...
Built in 928ms
Building...
Built in 900ms
Building...
Built in 915ms
Building...
Built in 932ms
Building...
Built in 888ms
Building...
Built in 901ms
Building...
Built in 883ms
Building...
Built in 883ms
Building...
Built in 984ms
Building...
Built in 901ms
Building...
Built in 899ms
Building...
Built in 899ms
Building...
Built in 898ms
Building...
Built in 880ms
Building...
Built in 889ms
Building...
Built in 899ms
Building...
Built in 985ms
Building...
Built in 911ms
Building...
Built in 907ms
Building...
Built in 888ms
Building...
Built in 908ms
Building...
Built in 880ms
Building...
Built in 888ms
Building...
Built in 896ms
Building...
Built in 882ms
Building...
Built in 914ms
Building...
Built in 959ms
Building...
Built in 1391ms
Building...
Built in 2080ms
Building...
Built in 1930ms
Building...
Built in 1872ms
Building...
Built in 1903ms
Building...
Built in 2272ms
Building...
Built in 2101ms
Building...
Built in 2365ms
Building...
Built in 2170ms
Building...
Built in 2292ms
Building...
Built in 2259ms
Building...
Built in 2212ms
Building...
Built in 2230ms
Building...
Built in 2289ms
Building...
Built in 1959ms
Building...
Built in 2223ms
Building...
Built in 2306ms
Building...
Built in 2036ms
Building...
Built in 1723ms
Building...
Built in 2530ms
Building...
Built in 1977ms
Building...
Built in 1890ms
Building...
Built in 2104ms
Building...
Built in 1901ms
Building...
Built in 2087ms
Building...
Built in 1468ms
Building...
Built in 895ms
Building...
Built in 876ms
Building...
Built in 873ms
Building...
Built in 884ms
Building...
Built in 875ms
Building...
Built in 906ms
Building...
Built in 880ms
Building...
Built in 872ms
Building...
Built in 873ms
Building...
Built in 879ms
Building...
Built in 864ms
Building...
Built in 874ms
Building...
Built in 875ms
Building...
Built in 876ms
Building...
Built in 872ms
Building...
Built in 885ms
Building...
Built in 875ms
Building...
Built in 880ms
Building...
Built in 869ms
Building...
Built in 868ms
Building...
Built in 881ms
Building...
Built in 894ms
Building...
Built in 871ms
Building...
Built in 897ms
Building...
Built in 908ms
Building...
Built in 887ms
Building...
Built in 885ms
Building...
Built in 874ms
Building...
Built in 878ms
Building...
Built in 939ms
Building...
Built in 868ms
Building...
Built in 870ms
Building...
Built in 870ms
Building...
Built in 875ms
Building...
Built in 867ms
Building...
Built in 882ms
Building...
Built in 865ms
Building...
Built in 868ms
Building...
Built in 913ms
Building...
Built in 894ms
Building...
Built in 895ms
Building...
Built in 959ms
Building...
Built in 916ms
Building...
Built in 890ms
Building...
Built in 913ms
Building...
Built in 913ms
Building...
Built in 867ms
Building...
Built in 923ms
Building...
Built in 886ms
Building...
Built in 873ms
Building...
Built in 880ms
Building...
Built in 895ms
Building...
Built in 891ms
Building...
Built in 898ms
Building...
Built in 898ms
Building...
Built in 883ms
Building...
Built in 929ms
Building...
Built in 924ms
Building...
Built in 887ms
Building...
Built in 899ms
Building...
Built in 890ms
Building...
Built in 872ms
Building...
Built in 883ms
Building...
Built in 899ms
Building...
Built in 937ms
Building...
Built in 979ms
Building...
Built in 897ms
Building...
Built in 897ms
Building...
Built in 892ms
Building...
Built in 900ms
Building...
Built in 904ms
Building...
Built in 1012ms
Building...
Built in 1620ms
Building...
Built in 2184ms
Building...
Built in 2240ms
Building...
Built in 2037ms
Building...
Built in 2073ms
Building...
Built in 2120ms
Building...
Built in 2228ms
Building...
Built in 2101ms
Building...
Built in 2253ms
Building...
Built in 2225ms
Building...
Built in 2266ms
Building...
Built in 2244ms
Building...
Built in 2128ms
Building...
Built in 2155ms
Building...
Built in 2180ms
Building...
Built in 2506ms
Building...
Built in 2116ms
Building...
Built in 2213ms
Building...
Built in 2279ms
Building...
Built in 2158ms
Building...
Built in 2141ms
Building...
Built in 2135ms
Building...
Built in 2158ms
Building...
Built in 2187ms
Building...
Built in 2173ms
Building...
Built in 2222ms
Building...
Built in 2038ms
Building...
Built in 2275ms
Building...
Built in 2154ms
Building...
Built in 2073ms
Building...
Built in 2110ms
Building...
Built in 1985ms
Building...
Built in 2253ms
Building...
Built in 2345ms
Building...
Built in 2184ms
Building...
Built in 2120ms
Building...
Built in 2170ms
Building...
Built in 2063ms
Building...
Built in 1881ms
Building...
Built in 2073ms
Building...
Built in 2028ms
Building...
Built in 1955ms
Building...
Built in 2256ms
Building...
Built in 2154ms
Building...
Built in 2139ms
Building...
Built in 2241ms
Building...
Built in 2185ms
Building...
Built in 2029ms
Building...
Built in 2004ms
Building...
Built in 2289ms
Building...
Built in 2124ms
Building...
Built in 2145ms
Building...
Built in 2051ms
Building...
Built in 2186ms
Building...
Built in 2142ms
Building...
Built in 1829ms
Building...
Built in 2218ms
Building...
Built in 2104ms
Building...
Built in 2040ms
Building...
Built in 2270ms
Building...
Built in 2038ms
Building...
Built in 2108ms
Building...
Built in 2135ms
Building...
Built in 2114ms
Building...
Built in 2243ms
Building...
Built in 2195ms
Building...
Built in 2120ms
Building...
Built in 2258ms
Building...
Built in 2099ms
Building...
Built in 2138ms
Building...
Built in 2190ms
Building...
Built in 2210ms
Building...
Built in 1918ms
Building...
Built in 2033ms
Building...
Built in 2195ms
Building...
Built in 2217ms
Building...
Built in 1935ms
Building...
Built in 2122ms
Building...
Built in 2163ms
Building...
Built in 2111ms
Building...
Built in 2127ms
Building...
Built in 2159ms
Building...
Built in 1994ms
Building...
Built in 2241ms
Building...
Built in 2294ms
Building...
Built in 2068ms
Building...
Built in 2166ms
Building...
Built in 2116ms
Building...
Built in 2141ms
Building...
Built in 1772ms
Building...
Built in 2165ms
Building...
Built in 2125ms
Building...
Built in 2099ms
Building...
Built in 2293ms
Building...
Built in 2147ms
Building...
Built in 2009ms
Building...
Built in 2135ms
Building...
Built in 1976ms
Building...
Built in 1901ms
Building...
Built in 2147ms
Building...
Built in 2291ms
Building...
Built in 2202ms
Building...
Built in 2190ms
Building...
Built in 1909ms
Building...
Built in 2164ms
Building...
Built in 2106ms
Building...
Built in 2188ms
Building...
Built in 2128ms
Building...
Built in 2098ms
Building...
Built in 2258ms
Building...
Built in 2115ms
Building...
Built in 2067ms
Building...
Built in 1994ms
Building...
Built in 2028ms
Building...
Built in 2127ms
Building...
Built in 2006ms
Building...
Built in 2159ms
Building...
Built in 2066ms
Building...
Built in 2279ms
Building...
Built in 2083ms
Building...
Built in 2116ms
Building...
Built in 2306ms
Building...
Built in 2230ms
Building...
Built in 2179ms
Building...
Built in 2013ms
Building...
Built in 1980ms
Building...
Built in 2222ms
Building...
Built in 2079ms
Building...
Built in 2327ms
Building...
Built in 1914ms
Building...
Built in 2112ms
Building...
Built in 2151ms
Building...
Built in 1923ms
Building...
Built in 2043ms
Building...
Built in 2264ms
Building...
Built in 2107ms
Building...
Built in 2167ms
Building...
Built in 2034ms
Building...
Built in 2092ms
Building...
Built in 2134ms
Building...
Built in 1977ms
Building...
Built in 2212ms
Building...
Built in 2124ms
Building...
Built in 2241ms
Building...
Built in 1997ms
Building...
Built in 2124ms
Building...
Built in 2335ms
Building...
Built in 2200ms
Building...
Built in 1991ms
Building...
Built in 2029ms
Building...
Built in 2221ms
Building...
Built in 2051ms
Building...
Built in 1842ms
Building...
Built in 2179ms
Building...
Built in 2280ms
Building...
Built in 2191ms
Building...
Built in 2112ms
Building...
Built in 2034ms
Building...
Built in 2105ms
Building...
Built in 1957ms
Building...
Built in 2171ms
Building...
Built in 2298ms
Building...
Built in 1877ms
Building...
Built in 2035ms
Building...
Built in 2037ms
Building...
Built in 2007ms
Building...
Built in 2122ms
Building...
Built in 2109ms
Building...
Built in 2183ms
Building...
Built in 2184ms
Building...
Built in 2158ms
Building...
Built in 2192ms
Building...
Built in 2068ms
Building...
Built in 1966ms
Building...
Built in 2134ms
Building...
Built in 2227ms
Building...
Built in 2023ms
Building...
Built in 2166ms
Building...
Built in 2225ms
Building...
Built in 2189ms
Building...
Built in 1985ms
Building...
Built in 2076ms
Building...
Built in 2149ms
Building...
Built in 2087ms
Building...
Built in 2152ms
Building...
Built in 2262ms
Building...
Built in 2178ms
Building...
Built in 2189ms
Building...
Built in 2087ms
Building...
Built in 2013ms
Building...
Built in 2175ms
Building...
Built in 2176ms
Building...
Built in 2106ms
Building...
Built in 2033ms
Building...
Built in 2019ms
Building...
Built in 2035ms
Building...
Built in 1921ms
Building...
Built in 2201ms
Building...
Built in 2146ms
Building...
Built in 1881ms
Building...
Built in 2301ms
Building...
Built in 2019ms
Building...
Built in 2152ms
Building...
Built in 2185ms
Building...
Built in 1979ms
Building...
Built in 2162ms
Building...
Built in 2162ms
Building...
Built in 2139ms
Building...
Built in 2157ms
Building...
Built in 2170ms
Building...
Built in 2170ms
Building...
Built in 2041ms
Building...
Built in 2149ms
Building...
Built in 2117ms
Building...
Built in 2091ms
Building...
Built in 2385ms
Building...
Built in 2222ms
Building...
Built in 2096ms
Building...
Built in 2208ms
Building...
Built in 2265ms
Building...
Built in 2274ms
Building...
Built in 1506ms
Building...
Built in 2249ms
Building...
Built in 1003ms
Building...
Built in 908ms
Building...
Built in 896ms
Building...
Built in 905ms
Building...
Built in 1473ms
Building...
Built in 2242ms
Building...
Built in 1986ms
Building...
Built in 2026ms
Building...
Built in 2131ms
Building...
Built in 2189ms
Building...
Built in 2328ms
Building...
Built in 1959ms
Building...
Built in 1895ms
Building...
Built in 903ms
Building...
Built in 909ms
Building...
Built in 899ms
Building...
Built in 898ms
Building...
Built in 1731ms
Building...
Built in 2367ms
Building...
Built in 2199ms
Building...
Built in 2259ms
Building...
Built in 2178ms
Building...
Built in 2531ms
Building...
Built in 2331ms
Building...
Built in 2240ms
Building...
Built in 2263ms
Building...
Built in 2316ms
Building...
Built in 2214ms
Building...
Built in 2169ms
Building...
Built in 1647ms
Building...
Built in 2267ms
Building...
Built in 2170ms
Building...
Built in 2234ms
Building...
Built in 2316ms
Building...
Built in 2236ms
Building...
Built in 2143ms
Building...
Built in 2222ms
Building...
Built in 2234ms
Building...
Built in 2155ms
Building...
Built in 2071ms
Building...
Built in 2204ms
Building...
Built in 2071ms
Building...
Built in 2232ms
Building...
Built in 2064ms
Building...
Built in 2200ms
Building...
Built in 2166ms
Building...
Built in 2159ms
Building...
Built in 2212ms
Building...
Built in 2206ms
Building...
Built in 2158ms
Building...
Built in 2150ms
Building...
Built in 2028ms
Building...
Built in 1806ms
Building...
Built in 2128ms
Building...
Built in 2016ms
Building...
Built in 2194ms
Building...
Built in 2200ms
Building...
Built in 2178ms
Building...
Built in 1969ms
Building...
Built in 2064ms
Building...
Built in 2068ms
Building...
Built in 2088ms
Building...
Built in 1907ms
Building...
Built in 2017ms
Building...
Built in 2174ms
Building...
Built in 1971ms
Building...
Built in 2326ms
Building...
Built in 2241ms
Building...
Built in 2219ms
Building...
Built in 2258ms
Building...
Built in 2539ms
Building...
Built in 2141ms
Building...
Built in 2134ms
Building...
Built in 2166ms
Building...
Built in 2170ms
Building...
Built in 2156ms
Building...
Built in 2075ms
Building...
Built in 2184ms
Building...
Built in 2019ms
Building...
Built in 2106ms
Building...
Built in 2175ms
Building...
Built in 2031ms
Building...
Built in 2107ms
Building...
Built in 2078ms
Building...
Built in 2253ms
Building...
Built in 2155ms
Building...
Built in 2247ms
Building...
Built in 2288ms
Building...
Built in 2321ms
Building...
Built in 2235ms
Building...
Built in 2185ms
Building...
Built in 2266ms
Building...
Built in 2127ms
Building...
Built in 2253ms
Building...
Built in 2010ms
Building...
Built in 2175ms
Building...
Built in 2190ms
Building...
Built in 2251ms
Building...
Built in 2197ms
Building...
Built in 2288ms
Building...
Built in 1646ms
Building...
Built in 925ms
Building...
Built in 932ms
Building...
Built in 944ms
Building...
Built in 918ms
Building...
Built in 924ms
Building...
Built in 937ms
Building...
Built in 923ms
Building...
Built in 909ms
Building...
Built in 907ms
Building...
Built in 905ms
Building...
Built in 903ms
Building...
Built in 898ms
Building...
Built in 899ms
Building...
Built in 889ms
Building...
Built in 889ms
Building...
Built in 891ms
Building...
Built in 929ms
Building...
Built in 913ms
Building...
Built in 894ms
Building...
Built in 891ms
Building...
Built in 899ms
Building...
Built in 885ms
Building...
Built in 889ms
Building...
Built in 890ms
Building...
Built in 883ms
Building...
Built in 881ms
Building...
Built in 882ms
Building...
Built in 920ms
Building...
Built in 928ms
Building...
Built in 917ms
Building...
Built in 912ms
Building...
